**
(journal_manuscript.tex
LaTeX2e <2021-11-15> patch level 1
L3 programming layer <2022-02-24> (article.cls
Document Class: article 2021/10/04 v1.4n Standard LaTeX document class
(size11.clo
File: size11.clo 2021/10/04 v1.4n Standard LaTeX file (size option)
)
\c@part=\count181
\c@section=\count182
\c@subsection=\count183
\c@subsubsection=\count184
\c@paragraph=\count185
\c@subparagraph=\count186
\c@figure=\count187
\c@table=\count188
\abovecaptionskip=\skip47
\belowcaptionskip=\skip48
\bibindent=\dimen138
) (amsmath.sty
Package: amsmath 2021/10/15 v2.17l AMS math features
\@mathmargin=\skip49

For additional information on amsmath, use the `?' option.
(amstext.sty
Package: amstext 2021/08/26 v2.01 AMS text
 (amsgen.sty
File: amsgen.sty 1999/11/30 v2.0 generic functions
\@emptytoks=\toks16
\ex@=\dimen139
)) (amsbsy.sty
Package: amsbsy 1999/11/29 v1.2d Bold Symbols
\pmbraise@=\dimen140
) (amsopn.sty
Package: amsopn 2021/08/26 v2.02 operator names
)
\inf@bad=\count189
LaTeX Info: Redefining \frac on input line 234.
\uproot@=\count190
\leftroot@=\count191
LaTeX Info: Redefining \overline on input line 399.
\classnum@=\count192
\DOTSCASE@=\count193
LaTeX Info: Redefining \ldots on input line 496.
LaTeX Info: Redefining \dots on input line 499.
LaTeX Info: Redefining \cdots on input line 620.
\Mathstrutbox@=\box50
\strutbox@=\box51
\big@size=\dimen141
LaTeX Font Info:    Redeclaring font encoding OML on input line 743.
LaTeX Font Info:    Redeclaring font encoding OMS on input line 744.
\macc@depth=\count194
\c@MaxMatrixCols=\count195
\dotsspace@=\muskip16
\c@parentequation=\count196
\dspbrk@lvl=\count197
\tag@help=\toks17
\row@=\count198
\column@=\count199
\maxfields@=\count266
\andhelp@=\toks18
\eqnshift@=\dimen142
\alignsep@=\dimen143
\tagshift@=\dimen144
\tagwidth@=\dimen145
\totwidth@=\dimen146
\lineht@=\dimen147
\@envbody=\toks19
\multlinegap=\skip50
\multlinetaggap=\skip51
\mathdisplay@stack=\toks20
LaTeX Info: Redefining \[ on input line 2938.
LaTeX Info: Redefining \] on input line 2939.
) (amssymb.sty
Package: amssymb 2013/01/14 v3.01 AMS font symbols

(amsfonts.sty
Package: amsfonts 2013/01/14 v3.01 Basic AMSFonts support
\symAMSa=\mathgroup4
\symAMSb=\mathgroup5
LaTeX Font Info:    Redeclaring math symbol \hbar on input line 98.
LaTeX Font Info:    Overwriting math alphabet `\mathfrak' in version `bold'
(Font)                  U/euf/m/n --> U/euf/b/n on input line 106.
)) (amsthm.sty
Package: amsthm 2020/05/29 v2.20.6
\thm@style=\toks21
\thm@bodyfont=\toks22
\thm@headfont=\toks23
\thm@notefont=\toks24
\thm@headpunct=\toks25
\thm@preskip=\skip52
\thm@postskip=\skip53
\thm@headsep=\skip54
\dth@everypar=\toks26
) (mathtools.sty
Package: mathtools 2022/02/07 v1.28a mathematical typesetting tools
 (keyval.sty
Package: keyval 2014/10/28 v1.15 key=value parser (DPC)
\KV@toks@=\toks27
) (calc.sty
Package: calc 2017/05/25 v4.3 Infix arithmetic (KKT,FJ)
\calc@Acount=\count267
\calc@Bcount=\count268
\calc@Adimen=\dimen148
\calc@Bdimen=\dimen149
\calc@Askip=\skip55
\calc@Bskip=\skip56
LaTeX Info: Redefining \setlength on input line 80.
LaTeX Info: Redefining \addtolength on input line 81.
\calc@Ccount=\count269
\calc@Cskip=\skip57
)
(mhsetup.sty
Package: mhsetup 2021/03/18 v1.4 programming setup (MH)
)
\g_MT_multlinerow_int=\count270
\l_MT_multwidth_dim=\dimen150
\origjot=\skip58
\l_MT_shortvdotswithinadjustabove_dim=\dimen151
\l_MT_shortvdotswithinadjustbelow_dim=\dimen152
\l_MT_above_intertext_sep=\dimen153
\l_MT_below_intertext_sep=\dimen154
\l_MT_above_shortintertext_sep=\dimen155
\l_MT_below_shortintertext_sep=\dimen156
\xmathstrut@box=\box52
\xmathstrut@dim=\dimen157
) (mathrsfs.sty
Package: mathrsfs 1996/01/01 Math RSFS package v1.0 (jk)
\symrsfs=\mathgroup6
) (geometry.sty
Package: geometry 2020/01/02 v5.9 Page Geometry
 (ifvtex.sty
Package: ifvtex 2019/10/25 v1.7 ifvtex legacy package. Use iftex instead.
 (iftex.sty
Package: iftex 2022/02/03 v1.0f TeX engine tests
))
\Gm@cnth=\count271
\Gm@cntv=\count272
\c@Gm@tempcnt=\count273
\Gm@bindingoffset=\dimen158
\Gm@wd@mp=\dimen159
\Gm@odd@mp=\dimen160
\Gm@even@mp=\dimen161
\Gm@layoutwidth=\dimen162
\Gm@layoutheight=\dimen163
\Gm@layouthoffset=\dimen164
\Gm@layoutvoffset=\dimen165
\Gm@dimlist=\toks28
)
(microtype.sty
Package: microtype 2022/03/14 v3.0d Micro-typographical refinements (RS)
 (etoolbox.sty
Package: etoolbox 2020/10/05 v2.5k e-TeX tools for LaTeX (JAW)
\etb@tempcnta=\count274
)
\MT@toks=\toks29
\MT@tempbox=\box53
\MT@count=\count275
LaTeX Info: Redefining \noprotrusionifhmode on input line 1027.
LaTeX Info: Redefining \leftprotrusion on input line 1028.
LaTeX Info: Redefining \rightprotrusion on input line 1036.
LaTeX Info: Redefining \textls on input line 1195.
\MT@outer@kern=\dimen166
LaTeX Info: Redefining \textmicrotypecontext on input line 1781.
\MT@listname@count=\count276
 (microtype-xetex.def
File: microtype-xetex.def 2022/03/14 v3.0d Definitions specific to xetex (RS)
LaTeX Info: Redefining \lsstyle on input line 236.
)
Package microtype Info: Loading configuration file microtype.cfg.
 (microtype.cfg
File: microtype.cfg 2022/03/14 v3.0d microtype main configuration file (RS)
))
(booktabs.sty
Package: booktabs 2020/01/12 v1.61803398 Publication quality tables
\heavyrulewidth=\dimen167
\lightrulewidth=\dimen168
\cmidrulewidth=\dimen169
\belowrulesep=\dimen170
\belowbottomsep=\dimen171
\aboverulesep=\dimen172
\abovetopsep=\dimen173
\cmidrulesep=\dimen174
\cmidrulekern=\dimen175
\defaultaddspace=\dimen176
\@cmidla=\count277
\@cmidlb=\count278
\@aboverulesep=\dimen177
\@belowrulesep=\dimen178
\@thisruleclass=\count279
\@lastruleclass=\count280
\@thisrulewidth=\dimen179
) (tabularx.sty
Package: tabularx 2020/01/15 v2.11c `tabularx' package (DPC)
 (array.sty
Package: array 2021/10/04 v2.5f Tabular extension package (FMi)
\col@sep=\dimen180
\ar@mcellbox=\box54
\extrarowheight=\dimen181
\NC@list=\toks30
\extratabsurround=\skip59
\backup@length=\skip60
\ar@cellbox=\box55
)
\TX@col@width=\dimen182
\TX@old@table=\dimen183
\TX@old@col=\dimen184
\TX@target=\dimen185
\TX@delta=\dimen186
\TX@cols=\count281
\TX@ftn=\toks31
) (enumitem.sty
Package: enumitem 2019/06/20 v3.9 Customized lists
\labelindent=\skip61
\enit@outerparindent=\dimen187
\enit@toks=\toks32
\enit@inbox=\box56
\enit@count@id=\count282
\enitdp@description=\count283
) (xcolor.sty
Package: xcolor 2021/10/31 v2.13 LaTeX color extensions (UK)
 (color.cfg
File: color.cfg 2016/01/02 v1.6 sample color configuration
)
Package xcolor Info: Driver file: xetex.def on input line 227.
 (xetex.def
File: xetex.def 2021/03/18 v5.0k Graphics/color driver for xetex
)
Package xcolor Info: Model `cmy' substituted by `cmy0' on input line 1352.
Package xcolor Info: Model `RGB' extended on input line 1368.
Package xcolor Info: Model `HTML' substituted by `rgb' on input line 1370.
Package xcolor Info: Model `Hsb' substituted by `hsb' on input line 1371.
Package xcolor Info: Model `tHsb' substituted by `hsb' on input line 1372.
Package xcolor Info: Model `HSB' substituted by `hsb' on input line 1373.
Package xcolor Info: Model `Gray' substituted by `gray' on input line 1374.
Package xcolor Info: Model `wave' substituted by `hsb' on input line 1375.
) (graphicx.sty
Package: graphicx 2021/09/16 v1.2d Enhanced LaTeX Graphics (DPC,SPQR)
 (graphics.sty
Package: graphics 2021/03/04 v1.4d Standard LaTeX Graphics (DPC,SPQR)
 (trig.sty
Package: trig 2021/08/11 v1.11 sin cos tan (DPC)
) (graphics.cfg
File: graphics.cfg 2016/06/04 v1.11 sample graphics configuration
)
Package graphics Info: Driver file: xetex.def on input line 107.
)
\Gin@req@height=\dimen188
\Gin@req@width=\dimen189
)
(hyperref.sty
Package: hyperref 2022-02-21 v7.00n Hypertext links for LaTeX
 (ltxcmds.sty
Package: ltxcmds 2020-05-10 v1.25 LaTeX kernel commands for general use (HO)
) (pdftexcmds.sty
Package: pdftexcmds 2020-06-27 v0.33 Utility functions of pdfTeX for LuaTeX (HO
)
 (infwarerr.sty
Package: infwarerr 2019/12/03 v1.5 Providing info/warning/error messages (HO)
)
Package pdftexcmds Info: \pdf@primitive is available.
Package pdftexcmds Info: \pdf@ifprimitive is available.
Package pdftexcmds Info: \pdfdraftmode not found.
) (kvsetkeys.sty
Package: kvsetkeys 2019/12/15 v1.18 Key value parser (HO)
)
(kvdefinekeys.sty
Package: kvdefinekeys 2019-12-19 v1.6 Define keys (HO)
) (pdfescape.sty
Package: pdfescape 2019/12/09 v1.15 Implements pdfTeX's escape features (HO)
) (hycolor.sty
Package: hycolor 2020-01-27 v1.10 Color options for hyperref/bookmark (HO)
) (letltxmacro.sty
Package: letltxmacro 2019/12/03 v1.6 Let assignment for LaTeX macros (HO)
) (auxhook.sty
Package: auxhook 2019-12-17 v1.6 Hooks for auxiliary files (HO)
) (kvoptions.sty
Package: kvoptions 2020-10-07 v3.14 Key value format for package options (HO)
)
\@linkdim=\dimen190
\Hy@linkcounter=\count284
\Hy@pagecounter=\count285
 (pd1enc.def
File: pd1enc.def 2022-02-21 v7.00n Hyperref: PDFDocEncoding definition (HO)
) (intcalc.sty
Package: intcalc 2019/12/15 v1.3 Expandable calculations with integers (HO)
) (etexcmds.sty
Package: etexcmds 2019/12/15 v1.7 Avoid name clashes with e-TeX commands (HO)
)
\Hy@SavedSpaceFactor=\count286
 (puenc.def
File: puenc.def 2022-02-21 v7.00n Hyperref: PDF Unicode definition (HO)
)
Package hyperref Info: Option `colorlinks' set `true' on input line 4018.
Package hyperref Info: Option `bookmarks' set `true' on input line 4018.
Package hyperref Info: Option `bookmarksnumbered' set `true' on input line 4018
.
Package hyperref Info: Option `unicode' set `true' on input line 4018.
Package hyperref Info: Hyper figures OFF on input line 4137.
Package hyperref Info: Link nesting OFF on input line 4142.
Package hyperref Info: Hyper index ON on input line 4145.
Package hyperref Info: Plain pages OFF on input line 4152.
Package hyperref Info: Backreferencing OFF on input line 4157.
Package hyperref Info: Implicit mode ON; LaTeX internals redefined.
Package hyperref Info: Bookmarks ON on input line 4390.
\c@Hy@tempcnt=\count287

(url.sty
\Urlmuskip=\muskip17
Package: url 2013/09/16  ver 3.4  Verb mode for urls, etc.
)
LaTeX Info: Redefining \url on input line 4749.
\XeTeXLinkMargin=\dimen191
 (bitset.sty
Package: bitset 2019/12/09 v1.3 Handle bit-vector datatype (HO)
 (bigintcalc.sty
Package: bigintcalc 2019/12/15 v1.5 Expandable calculations on big integers (HO
)
))
\Fld@menulength=\count288
\Field@Width=\dimen192
\Fld@charsize=\dimen193
Package hyperref Info: Hyper figures OFF on input line 6027.
Package hyperref Info: Link nesting OFF on input line 6032.
Package hyperref Info: Hyper index ON on input line 6035.
Package hyperref Info: backreferencing OFF on input line 6042.
Package hyperref Info: Link coloring ON on input line 6045.
Package hyperref Info: Link coloring with OCG OFF on input line 6052.
Package hyperref Info: PDF/A mode OFF on input line 6057.
LaTeX Info: Redefining \ref on input line 6097.
LaTeX Info: Redefining \pageref on input line 6101.
 (atbegshi-ltx.sty
Package: atbegshi-ltx 2021/01/10 v1.0c Emulation of the original atbegshi
package with kernel methods
)
\Hy@abspage=\count289
\c@Item=\count290
\c@Hfootnote=\count291
)
Package hyperref Info: Driver (autodetected): hxetex.
 (hxetex.def
File: hxetex.def 2022-02-21 v7.00n Hyperref driver for XeTeX

(stringenc.sty
Package: stringenc 2019/11/29 v1.12 Convert strings between diff. encodings (HO
)
)
\pdfm@box=\box57
\c@Hy@AnnotLevel=\count292
\HyField@AnnotCount=\count293
\Fld@listcount=\count294
\c@bookmark@seq@number=\count295
 (rerunfilecheck.sty
Package: rerunfilecheck 2019/12/05 v1.9 Rerun checks for auxiliary files (HO)
 (atveryend-ltx.sty
Package: atveryend-ltx 2020/08/19 v1.0a Emulation of the original atveryend pac
kage
with kernel methods
) (uniquecounter.sty
Package: uniquecounter 2019/12/15 v1.4 Provide unlimited unique counter (HO)
)
Package uniquecounter Info: New unique counter `rerunfilecheck' on input line 2
86.
)
\Hy@SectionHShift=\skip62
)
\c@theorem=\count296

(l3backend-xetex.def
File: l3backend-xetex.def 2022-02-07 L3 backend support: XeTeX
\c__kernel_sys_dvipdfmx_version_int=\count297
\l__color_backend_stack_int=\count298
\g__color_backend_stack_int=\count299
\g__graphics_track_int=\count300
\l__pdf_internal_box=\box58
\g__pdf_backend_object_int=\count301
\g__pdf_backend_annotation_int=\count302
\g__pdf_backend_link_int=\count303
) (journal_manuscript.aux)
\openout1 = `journal_manuscript.aux'.

LaTeX Font Info:    Checking defaults for OML/cmm/m/it on input line 69.
LaTeX Font Info:    ... okay on input line 69.
LaTeX Font Info:    Checking defaults for OMS/cmsy/m/n on input line 69.
LaTeX Font Info:    ... okay on input line 69.
LaTeX Font Info:    Checking defaults for OT1/cmr/m/n on input line 69.
LaTeX Font Info:    ... okay on input line 69.
LaTeX Font Info:    Checking defaults for T1/cmr/m/n on input line 69.
LaTeX Font Info:    ... okay on input line 69.
LaTeX Font Info:    Checking defaults for TS1/cmr/m/n on input line 69.
LaTeX Font Info:    Trying to load font information for TS1+cmr on input line 6
9.
 (ts1cmr.fd
File: ts1cmr.fd 2019/12/16 v2.5j Standard LaTeX font definitions
)
LaTeX Font Info:    ... okay on input line 69.
LaTeX Font Info:    Checking defaults for TU/lmr/m/n on input line 69.
LaTeX Font Info:    ... okay on input line 69.
LaTeX Font Info:    Checking defaults for OMX/cmex/m/n on input line 69.
LaTeX Font Info:    ... okay on input line 69.
LaTeX Font Info:    Checking defaults for U/cmr/m/n on input line 69.
LaTeX Font Info:    ... okay on input line 69.
LaTeX Font Info:    Checking defaults for PD1/pdf/m/n on input line 69.
LaTeX Font Info:    ... okay on input line 69.
LaTeX Font Info:    Checking defaults for PU/pdf/m/n on input line 69.
LaTeX Font Info:    ... okay on input line 69.

*geometry* driver: auto-detecting
*geometry* detected driver: xetex
*geometry* verbose mode - [ preamble ] result:
* driver: xetex
* paper: a4paper
* layout: <same size as paper>
* layoutoffset:(h,v)=(0.0pt,0.0pt)
* modes: 
* h-part:(L,W,R)=(68.28644pt, 460.935pt, 68.28644pt)
* v-part:(T,H,B)=(68.28644pt, 708.47397pt, 68.28644pt)
* \paperwidth=597.50787pt
* \paperheight=845.04684pt
* \textwidth=460.935pt
* \textheight=708.47397pt
* \oddsidemargin=-3.98355pt
* \evensidemargin=-3.98355pt
* \topmargin=-40.98355pt
* \headheight=12.0pt
* \headsep=25.0pt
* \topskip=11.0pt
* \footskip=30.0pt
* \marginparwidth=50.0pt
* \marginparsep=10.0pt
* \columnsep=10.0pt
* \skip\footins=10.0pt plus 4.0pt minus 2.0pt
* \hoffset=0.0pt
* \voffset=0.0pt
* \mag=1000
* \@twocolumnfalse
* \@twosidefalse
* \@mparswitchfalse
* \@reversemarginfalse
* (1in=72.27pt=25.4mm, 1cm=28.453pt)

LaTeX Info: Redefining \microtypecontext on input line 69.
Package microtype Info: Applying patch `item' on input line 69.
Package microtype Info: Applying patch `toc' on input line 69.
Package microtype Info: Applying patch `eqnum' on input line 69.
Package microtype Info: Applying patch `footnote' on input line 69.
Package microtype Info: Character protrusion enabled (level 2).
Package microtype Info: Using default protrusion set `alltext'.
Package microtype Info: No adjustment of tracking.
Package microtype Info: No adjustment of spacing.
Package microtype Info: No adjustment of kerning.
(mt-LatinModernRoman.cfg
File: mt-LatinModernRoman.cfg 2021/02/21 v1.1 microtype config. file: Latin Mod
ern Roman (RS)
)
Package hyperref Info: Link coloring ON on input line 69.
 (nameref.sty
Package: nameref 2021-04-02 v2.47 Cross-referencing by name of section
 (refcount.sty
Package: refcount 2019/12/15 v3.6 Data extraction from label references (HO)
) (gettitlestring.sty
Package: gettitlestring 2019/12/15 v1.6 Cleanup title references (HO)
)
\c@section@level=\count304
)
LaTeX Info: Redefining \ref on input line 69.
LaTeX Info: Redefining \pageref on input line 69.
LaTeX Info: Redefining \nameref on input line 69.

(journal_manuscript.out) (journal_manuscript.out)
\@outlinefile=\write3
\openout3 = `journal_manuscript.out'.

 (mt-cmr.cfg
File: mt-cmr.cfg 2013/05/19 v2.2 microtype config. file: Computer Modern Roman 
(RS)
)
LaTeX Font Info:    Trying to load font information for U+msa on input line 94.

 (umsa.fd
File: umsa.fd 2013/01/14 v3.01 AMS symbols A
)
(mt-msa.cfg
File: mt-msa.cfg 2006/02/04 v1.1 microtype config. file: AMS symbols (a) (RS)
)
LaTeX Font Info:    Trying to load font information for U+msb on input line 94.

 (umsb.fd
File: umsb.fd 2013/01/14 v3.01 AMS symbols B
) (mt-msb.cfg
File: mt-msb.cfg 2005/06/01 v1.0 microtype config. file: AMS symbols (b) (RS)
)
LaTeX Font Info:    Trying to load font information for U+rsfs on input line 94
.
 (ursfs.fd
File: ursfs.fd 1998/03/24 rsfs font definition file (jk)
)
LaTeX Font Info:    Trying to load font information for U+euf on input line 115
.
 (ueuf.fd
File: ueuf.fd 2013/01/14 v3.01 Euler Fraktur
) (mt-euf.cfg
File: mt-euf.cfg 2006/07/03 v1.1 microtype config. file: AMS Euler Fraktur (RS)

) [1

]
[2] [3] [4] [5] [6] [7]
Package microtype Info: Loading generic protrusion settings for font family
(microtype)             `lmtt' (encoding: TU).
(microtype)             For optimal results, create family-specific settings.
(microtype)             See the microtype manual for details.
 [8] [9] [10] [11] [12]

LaTeX Warning: Citation `orth2011comprehensive' on page 13 undefined on input l
ine 1260.

[13]

Package hyperref Warning: Token not allowed in a PDF string (Unicode):
(hyperref)                removing `subscript' on input line 1294.

[14] [15] [16] [17] [18] [19] [20] [21]
Package microtype Info: Loading generic protrusion settings for font family
(microtype)             `cmss' (encoding: OT1).
(microtype)             For optimal results, create family-specific settings.
(microtype)             See the microtype manual for details.
 [22] [23]
File: ../download//lipschitz_constants_per_optic.png Graphic file (type bmp)
<../download//lipschitz_constants_per_optic.png>
 [24]
File: ../download//cptc_zeno_contraction.png Graphic file (type bmp)
<../download//cptc_zeno_contraction.png>
 [25]

Package hyperref Warning: Token not allowed in a PDF string (Unicode):
(hyperref)                removing `math shift' on input line 2329.


Package hyperref Warning: Token not allowed in a PDF string (Unicode):
(hyperref)                removing `math shift' on input line 2329.

File: ../download//claim_f_holonomy_plot.png Graphic file (type bmp)
<../download//claim_f_holonomy_plot.png>
[26]

Package hyperref Warning: Token not allowed in a PDF string (Unicode):
(hyperref)                removing `math shift' on input line 2412.


Package hyperref Warning: Token not allowed in a PDF string (Unicode):
(hyperref)                removing `math shift' on input line 2412.

[27] [28]
File: ../download//claims_a_e_operationalization.png Graphic file (type bmp)
<../download//claims_a_e_operationalization.png>
 [29] [30]
File: ../download//claim_d_heavytail_stress.png Graphic file (type bmp)
<../download//claim_d_heavytail_stress.png>


Package hyperref Warning: Token not allowed in a PDF string (Unicode):
(hyperref)                removing `math shift' on input line 2742.


Package hyperref Warning: Token not allowed in a PDF string (Unicode):
(hyperref)                removing `\alpha' on input line 2742.


Package hyperref Warning: Token not allowed in a PDF string (Unicode):
(hyperref)                removing `math shift' on input line 2742.


Package hyperref Warning: Token not allowed in a PDF string (Unicode):
(hyperref)                removing `math shift' on input line 2742.


Package hyperref Warning: Token not allowed in a PDF string (Unicode):
(hyperref)                removing `math shift' on input line 2742.

[31]

Package hyperref Warning: Token not allowed in a PDF string (Unicode):
(hyperref)                removing `math shift' on input line 2807.


Package hyperref Warning: Token not allowed in a PDF string (Unicode):
(hyperref)                removing `math shift' on input line 2807.

[32]
File: ../download//levy_stable_3half_derivation.png Graphic file (type bmp)
<../download//levy_stable_3half_derivation.png>


Package hyperref Warning: Token not allowed in a PDF string (Unicode):
(hyperref)                removing `math shift' on input line 2927.


Package hyperref Warning: Token not allowed in a PDF string (Unicode):
(hyperref)                removing `math shift' on input line 2927.

[33]
File: ../download//claims_ae_n4_nonabelian.png Graphic file (type bmp)
<../download//claims_ae_n4_nonabelian.png>
 [34] [35] [36]
File: ../download//claim_g_zeno_plot.png Graphic file (type bmp)
<../download//claim_g_zeno_plot.png>
 [37] [38]

Package hyperref Warning: Token not allowed in a PDF string (Unicode):
(hyperref)                removing `math shift' on input line 3236.


Package hyperref Warning: Token not allowed in a PDF string (Unicode):
(hyperref)                removing `math shift' on input line 3236.

[39]
File: ../download//t_iteration_convergence_plot.png Graphic file (type bmp)
<../download//t_iteration_convergence_plot.png>
File: ../download//t_iteration_robustness_extension_axis_aligned.png Graphic fi
le (type bmp)
<../download//t_iteration_robustness_extension_axis_aligned.png>
File: ../download//t_iteration_robustness_extension_rotated.png Graphic file (t
ype bmp)
<../download//t_iteration_robustness_extension_rotated.png>


LaTeX Warning: Float too large for page by 126.4347pt on input line 3425.

[40]
File: ../download//inverse_limit_raf_hasse.png Graphic file (type bmp)
<../download//inverse_limit_raf_hasse.png>


Package hyperref Warning: Token not allowed in a PDF string (Unicode):
(hyperref)                removing `math shift' on input line 3503.


Package hyperref Warning: Token not allowed in a PDF string (Unicode):
(hyperref)                removing `math shift' on input line 3503.

[41] [42] [43] [44]

Package hyperref Warning: Token not allowed in a PDF string (Unicode):
(hyperref)                removing `math shift' on input line 3627.


Package hyperref Warning: Token not allowed in a PDF string (Unicode):
(hyperref)                removing `math shift' on input line 3627.

[45] [46]
File: ../download//inverse_limit_raf_extended_hasse.png Graphic file (type bmp)

<../download//inverse_limit_raf_extended_hasse.png>


Package hyperref Warning: Token not allowed in a PDF string (Unicode):
(hyperref)                removing `math shift' on input line 3744.


Package hyperref Warning: Token not allowed in a PDF string (Unicode):
(hyperref)                removing `\infty' on input line 3744.


Package hyperref Warning: Token not allowed in a PDF string (Unicode):
(hyperref)                removing `math shift' on input line 3744.

[47]

Package hyperref Warning: Token not allowed in a PDF string (Unicode):
(hyperref)                removing `math shift' on input line 3810.


Package hyperref Warning: Token not allowed in a PDF string (Unicode):
(hyperref)                removing `\infty' on input line 3810.


Package hyperref Warning: Token not allowed in a PDF string (Unicode):
(hyperref)                removing `math shift' on input line 3810.

[48] [49] [50] [51] [52]

Package hyperref Warning: Token not allowed in a PDF string (Unicode):
(hyperref)                removing `math shift' on input line 4202.


Package hyperref Warning: Token not allowed in a PDF string (Unicode):
(hyperref)                removing `math shift' on input line 4202.

File: ../download//autopoiesis_closure_test.png Graphic file (type bmp)
<../download//autopoiesis_closure_test.png>
[53] [54] [55]
File: ../download//autopoiesis_integrated_mr_gr.png Graphic file (type bmp)
<../download//autopoiesis_integrated_mr_gr.png>
 [56] [57]
File: ../download//autopoiesis_network_E.png Graphic file (type bmp)
<../download//autopoiesis_network_E.png>
 [58]
File: autopoiesis_network_F.png Graphic file (type bmp)
<autopoiesis_network_F.png>
 [59] [60]
Overfull \hbox (42.7172pt too wide) in paragraph at lines 4793--4809
[][]\TU/lmr/m/it/10.95 Remark \TU/lmr/m/n/10.95 18.13 (Cascade-breaking interpr
etation)\TU/lmr/m/it/10.95 . []\TU/lmr/m/n/10.95 The ALT5/6 design breaks the G
6P$\OMS/cmsy/m/n/10.95 !$\TU/lmr/m/n/10.95 FBP$\OMS/cmsy/m/n/10.95 !$\TU/lmr/m/
n/10.95 PEP$\OMS/cmsy/m/n/10.95 !$\TU/lmr/m/n/10.95 PYR
 []

File: ../download//autopoiesis_network_G.png Graphic file (type bmp)
<../download//autopoiesis_network_G.png>

Package hyperref Warning: Token not allowed in a PDF string (Unicode):
(hyperref)                removing `math shift' on input line 4826.


Package hyperref Warning: Token not allowed in a PDF string (Unicode):
(hyperref)                removing `\alpha' on input line 4826.


Package hyperref Warning: Token not allowed in a PDF string (Unicode):
(hyperref)                removing `math shift' on input line 4826.

[61]
Overfull \hbox (4.41302pt too wide) in paragraph at lines 4895--4906
 [] 
 []

[62]
File: autopoiesis_network_H.png Graphic file (type bmp)
<autopoiesis_network_H.png>


Package hyperref Warning: Token not allowed in a PDF string (Unicode):
(hyperref)                removing `math shift' on input line 4976.


Package hyperref Warning: Token not allowed in a PDF string (Unicode):
(hyperref)                removing `\alpha' on input line 4976.


Package hyperref Warning: Token not allowed in a PDF string (Unicode):
(hyperref)                removing `math shift' on input line 4976.

[63]
Overfull \hbox (42.56401pt too wide) in paragraph at lines 5054--5065
 [] 
 []

[64]
Overfull \hbox (12.52571pt too wide) in paragraph at lines 5094--5117
[][]\TU/lmr/m/it/10.95 Remark \TU/lmr/m/n/10.95 18.17 (ALA limit-cycle dampenin
g interpretation, and the further-reduced Phase I/Phase III
 []

File: autopoiesis_network_I.png Graphic file (type bmp)
<autopoiesis_network_I.png>

Underfull \hbox (badness 2735) in paragraph at lines 5137--5137
[]\TU/lmr/bx/n/12 Network K: AcCoA residual dampening via NAD$[]$-independent
 []


Package hyperref Warning: Token not allowed in a PDF string (Unicode):
(hyperref)                removing `math shift' on input line 5137.


Package hyperref Warning: Token not allowed in a PDF string (Unicode):
(hyperref)                removing `superscript' on input line 5137.


Package hyperref Warning: Token not allowed in a PDF string (Unicode):
(hyperref)                removing `math shift' on input line 5137.


Package hyperref Warning: Token not allowed in a PDF string (Unicode):
(hyperref)                removing `math shift' on input line 5137.


Package hyperref Warning: Token not allowed in a PDF string (Unicode):
(hyperref)                removing `\alpha' on input line 5137.


Package hyperref Warning: Token not allowed in a PDF string (Unicode):
(hyperref)                removing `math shift' on input line 5137.

[65] [66] [67]
File: ../download//autopoiesis_network_K.png Graphic file (type bmp)
<../download//autopoiesis_network_K.png>
 [68] [69] [70]
File: ../download//network_K_hott_so3_verdict.png Graphic file (type bmp)
<../download//network_K_hott_so3_verdict.png>
 [71]
Overfull \hbox (10.60085pt too wide) in paragraph at lines 5687--5705
[][]\TU/lmr/m/it/10.95 Remark \TU/lmr/m/n/10.95 19.1 ($\OML/cmm/m/it/10.95 ^^T[
]$ \TU/lmr/m/n/10.95 is nontrivially discriminating)\TU/lmr/m/it/10.95 . []\TU/
lmr/m/n/10.95 Study E1 (script \TU/lmtt/m/n/10.95 novelty_kappa_v_baselines.py\
TU/lmr/m/n/10.95 )
 []

[72] [73]
Overfull \hbox (7.4512pt too wide) in paragraph at lines 5824--5831
\OT1/cmr/m/n/10.95 400$\TU/lmr/m/n/10.95 -reaction random sample. Study E2-v3 (
scripts \TU/lmtt/m/n/10.95 novelty_external_essentiality_v3_full.py
 []

[74]

Package hyperref Warning: Token not allowed in a PDF string (Unicode):
(hyperref)                removing `math shift' on input line 5888.


Package hyperref Warning: Token not allowed in a PDF string (Unicode):
(hyperref)                removing `\to' on input line 5888.


Package hyperref Warning: Token not allowed in a PDF string (Unicode):
(hyperref)                removing `math shift' on input line 5888.


Overfull \hbox (90.1877pt too wide) in paragraph at lines 5923--5938
[][]\TU/lmr/m/it/10.95 Remark \TU/lmr/m/n/10.95 19.8 (Theorem [][]19.7[][] veri
fied on the $\OML/cmm/m/it/10.95 E \OMS/cmsy/m/n/10.95 ! \OML/cmm/m/it/10.95 K$
 \TU/lmr/m/n/10.95 lineage)\TU/lmr/m/it/10.95 . []\TU/lmr/m/n/10.95 Study E3 (s
cript \TU/lmtt/m/n/10.95 novelty_cross_domain_transfer.py\TU/lmr/m/n/10.95 )
 []

[75] [76] [77] [78] [79] [80]

Package hyperref Warning: Token not allowed in a PDF string (Unicode):
(hyperref)                removing `math shift' on input line 6382.


Package hyperref Warning: Token not allowed in a PDF string (Unicode):
(hyperref)                removing `\kappa' on input line 6382.


Package hyperref Warning: Token not allowed in a PDF string (Unicode):
(hyperref)                removing `subscript' on input line 6382.


Package hyperref Warning: Token not allowed in a PDF string (Unicode):
(hyperref)                removing `\leavevmode@ifvmode' on input line 6382.


Package hyperref Warning: Token not allowed in a PDF string (Unicode):
(hyperref)                \kern -1.82538pt
(hyperref)                removed on input line 6382.


Package hyperref Warning: Token not allowed in a PDF string (Unicode):
(hyperref)                removing `math shift' on input line 6382.


Overfull \hbox (194.93211pt too wide) in paragraph at lines 6456--6460
\OT1/cmr/m/n/10.95 14$ \TU/lmr/m/n/10.95 essential metabolic intermediates $\OM
S/cmsy/m/n/10.95 E \OT1/cmr/m/n/10.95 = \OMS/cmsy/m/n/10.95 f[]g$\TU/lmr/m/n/10
.95 : 
 []

[81] [82] [83]
Overfull \hbox (19.9756pt too wide) in paragraph at lines 6624--6633
\TU/lmr/m/n/10.95 (gltA UP, gnd DOWN, zwf STABLE, aceE UP, pgi/pfkA/pykF/tktA/f
baA/tpiA/gapA/pgk/eno
 []


Underfull \hbox (badness 10000) in paragraph at lines 6671--6682
\TU/lmr/m/n/10.95 galT/b0758, msrA/b4219, narJ/b1226, otsB/b1897, proV/b2677, p
roW/b2678,
 []


Underfull \hbox (badness 3209) in paragraph at lines 6671--6682
\TU/lmr/m/n/10.95 sodA/b3908, treA/b1197, ugpC/b3450, yeaA/b1778, yehX/b2129, y
ehY/b2130 —
 []

[84]
Overfull \hbox (11.6341pt too wide) in paragraph at lines 6723--6730
\TU/lmtt/m/n/10.95 iMM904.xml \TU/lmr/m/n/10.95 — downloaded directly from \TU/
lmtt/m/n/10.95 https://bigg.ucsd.edu/\TU/lmr/m/n/10.95 ) via cobrapy \TU/lmtt/m
/n/10.95 read_sbml_model\TU/lmr/m/n/10.95 .
 []

[85]
Underfull \hbox (badness 2818) in paragraph at lines 6820--6823
[]\TU/lmr/m/n/10.95 Wild-type biomass flux $\OML/cmm/m/it/10.95 b[] \OT1/cmr/m/
n/10.95 = 15\OML/cmm/m/it/10.95 :\OT1/cmr/m/n/10.95 444$ \TU/lmr/m/n/10.95 h$[]
$ (FBA on glucose minimal medium,
 []

[86]
Overfull \hbox (52.06pt too wide) detected at line 6896
\OT1/cmr/m/n/10.95 ^^H : []\OML/cmm/m/it/10.95 =U \OMS/cmsy/m/n/10.95 ! []\OML/
cmm/m/it/10.95 =U;  \OT1/cmr/m/n/10.95 ^^H(\OML/cmm/m/it/10.95 S\OT1/cmr/m/n/10
.95 ) = \OMS/cmsy/m/n/10.95 f \OML/cmm/m/it/10.95 r \OMS/cmsy/m/n/10.95 2 \OML/
cmm/m/it/10.95 U \OT1/cmr/m/n/10.95 : \OML/cmm/m/it/10.95 r[]r[] \OMS/cmsy/m/n/
10.95 2 \OML/cmm/m/it/10.95 S[]F \OMS/cmsy/m/n/10.95 [ []\OT1/cmr/m/n/10.95 (\O
ML/cmm/m/it/10.95 S\OT1/cmr/m/n/10.95 ) \OMS/cmsy/m/n/10.95 g\OML/cmm/m/it/10.9
5 :
 []

[87]
Underfull \hbox (badness 5133) in paragraph at lines 6975--6982
[][]\TU/lmr/m/it/10.95 Remark \TU/lmr/m/n/10.95 19.27 (Task E14: closure-test b
enchmark against chemical-organization de-
 []


Underfull \hbox (badness 3209) in paragraph at lines 6975--6982
\TU/lmr/m/n/10.95 composition and network-expansion scopes (Upgrade 3, part iii
))\TU/lmr/m/it/10.95 . []\TU/lmr/m/n/10.95 Study E14 (script
 []

[88] [89] [90]

Package hyperref Warning: Token not allowed in a PDF string (Unicode):
(hyperref)                removing `math shift' on input line 7266.


Package hyperref Warning: Token not allowed in a PDF string (Unicode):
(hyperref)                removing `\kappa' on input line 7266.


Package hyperref Warning: Token not allowed in a PDF string (Unicode):
(hyperref)                removing `subscript' on input line 7266.


Package hyperref Warning: Token not allowed in a PDF string (Unicode):
(hyperref)                removing `math shift' on input line 7266.

[91] [92]

Package hyperref Warning: Token not allowed in a PDF string (Unicode):
(hyperref)                removing `math shift' on input line 7444.


Package hyperref Warning: Token not allowed in a PDF string (Unicode):
(hyperref)                removing `\kappa' on input line 7444.


Package hyperref Warning: Token not allowed in a PDF string (Unicode):
(hyperref)                removing `subscript' on input line 7444.


Package hyperref Warning: Token not allowed in a PDF string (Unicode):
(hyperref)                removing `superscript' on input line 7444.


Package hyperref Warning: Token not allowed in a PDF string (Unicode):
(hyperref)                removing `\Delta' on input line 7444.


Package hyperref Warning: Token not allowed in a PDF string (Unicode):
(hyperref)                removing `math shift' on input line 7444.

[93]

Package hyperref Warning: Token not allowed in a PDF string (Unicode):
(hyperref)                removing `math shift' on input line 7576.


Package hyperref Warning: Token not allowed in a PDF string (Unicode):
(hyperref)                removing `\kappa' on input line 7576.


Package hyperref Warning: Token not allowed in a PDF string (Unicode):
(hyperref)                removing `subscript' on input line 7576.


Package hyperref Warning: Token not allowed in a PDF string (Unicode):
(hyperref)                removing `math shift' on input line 7576.

[94] [95] [96] [97] [98]
LaTeX Font Info:    Font shape `TU/lmtt/bx/n' in size <10.95> not available
(Font)              Font shape `TU/lmtt/b/n' tried instead on input line 7951.
 [99] [100]
Overfull \hbox (83.59097pt too wide) in paragraph at lines 8149--8162
[]\TU/lmr/bx/n/10.95 Artifacts. \TU/lmr/m/n/10.95 Scripts: \TU/lmtt/m/n/10.95 v
14b_verify_claims.py\TU/lmr/m/n/10.95 , \TU/lmtt/m/n/10.95 v14b_reconstruct_kap
pa.py\TU/lmr/m/n/10.95 , \TU/lmtt/m/n/10.95 v14b_restore_lemuth_data.py
 []


Underfull \hbox (badness 10000) in paragraph at lines 8149--8162
\TU/lmtt/m/n/10.95 v14b_mapped15_firstprinciples.json\TU/lmr/m/n/10.95 , \TU/lm
tt/m/n/10.95 v14b_mapped15_audit.{csv,txt,json} \TU/lmr/m/n/10.95 (Phase-1
 []

[101]
Overfull \hbox (38.05864pt too wide) in paragraph at lines 8168--8180
\TU/lmr/m/n/10.95 The v15 round (Study E22, “reaction-based sampling”; script \
TU/lmtt/m/n/10.95 novelty_v15_reaction_sampling_e22.py\TU/lmr/m/n/10.95 )
 []

[102] [103] [104] [105] [106] [107]

Package hyperref Warning: Token not allowed in a PDF string (Unicode):
(hyperref)                removing `math shift' on input line 8628.


Package hyperref Warning: Token not allowed in a PDF string (Unicode):
(hyperref)                removing `math shift' on input line 8628.


Overfull \hbox (104.8606pt too wide) in paragraph at lines 8651--8676
 [][] 
 []

[108]
Underfull \hbox (badness 5119) in paragraph at lines 8759--8780
[][]\TU/lmr/bx/n/10.95 Conjecture 21.1 \TU/lmr/m/n/10.95 (Global stratified hol
onomy across constraint-switching boundaries
 []

[109] [110] [111] [112] [113] [114] [115]
Underfull \hbox (badness 4341) in paragraph at lines 9312--9326
[]\TU/lmr/bx/n/10.95 Scripts \TU/lmr/m/n/10.95 (directory \TU/lmtt/m/n/10.95 sc
ripts/\TU/lmr/m/n/10.95 ): all numerical experiments, including the seven-
 []


Overfull \hbox (49.5561pt too wide) in paragraph at lines 9312--9326
\TU/lmtt/m/n/10.95 autopoiesis_ijO1366_overlay.py\TU/lmr/m/n/10.95 ), the Lévy 
$\OT1/cmr/m/n/10.95 3\OML/cmm/m/it/10.95 =\OT1/cmr/m/n/10.95 2$ \TU/lmr/m/n/10.
95 derivation (\TU/lmtt/m/n/10.95 levy_stable_3half_derivation.py\TU/lmr/m/n/10
.95 ),
 []


Overfull \hbox (104.87427pt too wide) in paragraph at lines 9312--9326
\TU/lmr/m/n/10.95 the inverse-limit RAF construction (\TU/lmtt/m/n/10.95 invers
e_limit_raf_construction.py\TU/lmr/m/n/10.95 , \TU/lmtt/m/n/10.95 inverse_limit
_raf_extended.py\TU/lmr/m/n/10.95 ),
 []


Underfull \hbox (badness 5446) in paragraph at lines 9326--9333
\TU/lmr/m/n/10.95 iMM904 (\TU/lmtt/m/n/10.95 iMM904.xml\TU/lmr/m/n/10.95 ) unde
r \TU/lmtt/m/n/10.95 data/bigg_models/\TU/lmr/m/n/10.95 ; per-figure CSV output
s and
 []


Overfull \hbox (77.19666pt too wide) in paragraph at lines 9333--9341
\TU/lmr/m/n/10.95 Lewis et al. 2010) and dynamic-FBA bounds via cobrapy $\OT1/c
mr/m/n/10.95 0\OML/cmm/m/it/10.95 :\OT1/cmr/m/n/10.95 32\OML/cmm/m/it/10.95 :\O
T1/cmr/m/n/10.95 1$ \TU/lmr/m/n/10.95 (\TU/lmtt/m/n/10.95 https://opencobra.git
hub.io/cobrapy\TU/lmr/m/n/10.95 ),
 []

[116] [117] [118] [119] [120] (journal_manuscript.aux)

LaTeX Warning: There were undefined references.

Package rerunfilecheck Info: File `journal_manuscript.out' has not changed.
(rerunfilecheck)             Checksum: B6907132FBF7E733E8300FD64D949F5A;30252.
 )
Output written on journal_manuscript.xdv (120 pages, 4038304 bytes).
